                      ; /*****************************************************************************
                      ;  * ugBASIC - an isomorphic BASIC language compiler for retrocomputers        *
                      ;  *****************************************************************************
                      ;  * Copyright 2021-2024 Marco Spedaletti (asimov@mclink.it)
                      ;  *
                      ;  * Licensed under the Apache License, Version 2.0 (the "License");
                      ;  * you may not use this file except in compliance with the License.
                      ;  * You may obtain a copy of the License at
                      ;  *
                      ;  * http://www.apache.org/licenses/LICENSE-2.0
                      ;  *
                      ;  * Unless required by applicable law or agreed to in writing, software
                      ;  * distributed under the License is distributed on an "AS IS" BASIS,
                      ;  * WITHOUT WARRANTIES OR CONDITIONS OF ANY KIND, either express or implied.
                      ;  * See the License for the specific language governing permissions and
                      ;  * limitations under the License.
                      ;  *----------------------------------------------------------------------------
                      ;  * Concesso in licenza secondo i termini della Licenza Apache, versione 2.0
                      ;  * (la "Licenza"); è proibito usare questo file se non in conformità alla
                      ;  * Licenza. Una copia della Licenza è disponibile all'indirizzo:
                      ;  *
                      ;  * http://www.apache.org/licenses/LICENSE-2.0
                      ;  *
                      ;  * Se non richiesto dalla legislazione vigente o concordato per iscritto,
                      ;  * il software distribuito nei termini della Licenza è distribuito
                      ;  * "COSì COM'è", SENZA GARANZIE O CONDIZIONI DI ALCUN TIPO, esplicite o
                      ;  * implicite. Consultare la Licenza per il testo specifico che regola le
                      ;  * autorizzazioni e le limitazioni previste dalla medesima.
                      ;  ****************************************************************************/
                      ;* * * * * * * * * * * * * * * * * * * * * * * * * * * * * * * * * * * * * * * *
                      ;*                                                                             *
                      ;*                         BASIC DISK LOADER FOR COCO3                         *
                      ;*                                                                             *
                      ;*                             by Marco Spedaletti                             *
                      ;*                                                                             *
                      ;* * * * * * * * * * * * * * * * * * * * * * * * * * * * * * * * * * * * * * * *
                      
0E00                           ORG $0E00
                      
                      ; ---------------------------------------------------
                      ; ROUTINE TO PRESERVE STACK 
                      ; ---------------------------------------------------
                      
0E00                  COPYSTACK
                              
                              ; Disable interrupts
                      
0E00  1A50                    ORCC    #$50
                      
                              ; Save X and D registers
                      
0E02  3410                    PSHS X
0E04  3406                    PSHS D
                              
0E06  8E0E00                  LDX     #$0E00
0E09  BF001F                  STX     $001F
0E0C  1F41                    TFR     S, X
                      
0E0E  10CE0F00                LDS     #$0F00
0E12  10FF0021                STS     $0021
                      
0E16  C6FF                    LDB     #$FF
                      
                              ; Move stack from $0E00 to $0F00
0E18                  COPYSTACKL1
0E18  A685                    LDA     B,X
0E1A  A7E5                    STA     B,S
0E1C  5A                      DECB
0E1D  26F9                    BNE     COPYSTACKL1
                      
                              ; Restore X and D registers
                      
0E1F  3506                    PULS D
0E21  3510                    PULS X
                      
                              ; Re-enable interrupts
                      
0E23  1C9F                    ANDCC   #$9F
                      
0E25  39                      RTS
                      
                      ; ---------------------------------------------------
                      ; SINGLE BLOCK COPY TO RAM
                      ; ---------------------------------------------------
                      
0E26                  COPYBLOCK
                      
                              ; Disable interrupts
                              
0E26  1A50                    ORCC    #$50
                      
                              ; Copy 4096 bytes from X to Y
                      
0E28  CE1000                  LDU     #$1000
0E2B  8E2A00                  LDX     #$2A00
0E2E  108E2A00                LDY     #$2A00 ; <-- this will be replaced by BASIC
                      
                              ; Enable RAM under ROM
                      
0E32  B7FFDF                  STA     $FFDF
                      
                              ; Copy one byte at a time
0E35                  COPYBLOCKL1
0E35  A680                    LDA     ,X+
0E37  A7A0                    STA     ,Y+
0E39  335F                    LEAU    -1, U
0E3B  11830000                CMPU    #0000
0E3F  26F4                    BNE     COPYBLOCKL1
                      
                              ; Re-enable ROM
                      
0E41  B7FFDE                  STA     $FFDE
                      
                              ; Re-enable interrupts
                      
0E44  1C9F                    ANDCC   #$9F
                      
0E46  39                      RTS
                      
                      ; ---------------------------------------------------
                      ; SINGLE BLOCK COPY TO GIME
                      ; ---------------------------------------------------
                      
0E47                  COPYBLOCKGIME
                      
                              ; Disable interrupts
                      
0E47  1A50                    ORCC    #$50
                      
                              ; Copy 4096 from RAM to (fixed) GIME RAM
                      
0E49  CE1000                  LDU     #$1000
0E4C  8E2A00                  LDX     #$2A00
0E4F  108EC000                LDY     #$C000  ; <--- replaced by BASIC ($c000/$d000)
                      
                              ; Enable RAM under ROM
                      
0E53  B7FFDF                  STA     $FFDF
                      
                              ; Move to the correct bank
                      
0E56  8600                    LDA     #$00    ; <--- replaced by BASIC ($00)
0E58  B7FFA6                  STA     $FFA6
                      
                              ; Copy one byte at a time
0E5B                  COPYBLOCKGIMEL1
0E5B  A680                    LDA     ,X+
0E5D  A7A0                    STA     ,Y+
0E5F  335F                    LEAU    -1, U
0E61  11830000                CMPU    #0000
0E65  26F4                    BNE     COPYBLOCKGIMEL1
                      
                              ; Restore bank
                      
0E67  863E                    LDA     #$3E
0E69  B7FFA6                  STA     $FFA6
                      
                              ; Re-enable ROM
                      
0E6C  B7FFDE                  STA     $FFDE
                      
                              ; Re-enable interrupts
                      
0E6F  1C9F                    ANDCC   #$9F
                      
0E71  39                      RTS
